// Jest Snapshot v1, https://goo.gl/fbAQLP

exports[`renders badget component 1`] = `
<div
  class="badget"
>
  Hello World
</div>
`;
