// Jest Snapshot v1, https://goo.gl/fbAQLP

exports[`Component Widget renders Widget component 1`] = `
<div
  class="widget"
>
  <span>
    Hello World
  </span>
</div>
`;
